---
source: tests/load.rs
expression: loaded
---
Bodymovin {
    in_point: 0.0,
    out_point: 99.0,
    frame_rate: 30.0,
    width: 1920,
    is_3d: false,
    height: 1080,
    version: "4.0.0",
    name: None,
    layers: [
        PreComp(
            Layer {
                transform: Transform {
                    anchor_point: Property {
                        value: Fixed(
                            [
                                960.0,
                                540.0,
                                0.0,
                            ],
                        ),
                        expression: None,
                        index: None,
                    },
                    position: Property {
                        value: Fixed(
                            [
                                952.0,
                                452.0,
                                0.0,
                            ],
                        ),
                        expression: None,
                        index: None,
                    },
                    scale: Property {
                        value: Fixed(
                            [
                                100.0,
                                100.0,
                                100.0,
                            ],
                        ),
                        expression: None,
                        index: None,
                    },
                    rotation: Property {
                        value: Fixed(
                            0.0,
                        ),
                        expression: None,
                        index: None,
                    },
                    opacity: Property {
                        value: Fixed(
                            100.0,
                        ),
                        expression: None,
                        index: None,
                    },
                    position_x: Property {
                        value: Fixed(
                            0.0,
                        ),
                        expression: None,
                        index: None,
                    },
                    position_y: Property {
                        value: Fixed(
                            0.0,
                        ),
                        expression: None,
                        index: None,
                    },
                    position_z: Property {
                        value: Fixed(
                            0.0,
                        ),
                        expression: None,
                        index: None,
                    },
                    skew: Property {
                        value: Fixed(
                            0.0,
                        ),
                        expression: None,
                        index: None,
                    },
                    skew_axis: Property {
                        value: Fixed(
                            0.0,
                        ),
                        expression: None,
                        index: None,
                    },
                },
                auto_orient: false,
                blend_mode: Normal,
                is_3d: false,
                index: 0,
                html_class: None,
                html_id: None,
                in_point: 0.0,
                out_point: 308.0,
                start_time: 0.0,
                name: Some(
                    "2016_2",
                ),
                masks: [],
                stretch: 1.0,
                parent: None,
                mixin: PreCompMixin {
                    ref_id: "comp_0",
                    time_remapping: Property {
                        value: Animated(
                            [
                                ScalarKeyframe {
                                    start_value: Some(
                                        DestructuredScalarValue(
                                            0.0,
                                        ),
                                    ),
                                    end_value: Some(
                                        DestructuredScalarValue(
                                            2.033,
                                        ),
                                    ),
                                    start_time: 15.0,
                                    hold: false,
                                    bezier: Some(
                                        Bezier1d {
                                            in_value: ControlPoint1d {
                                                x: 0.833,
                                                y: 0.833,
                                            },
                                            out_value: ControlPoint1d {
                                                x: 0.167,
                                                y: 0.167,
                                            },
                                        },
                                    ),
                                },
                                ScalarKeyframe {
                                    start_value: Some(
                                        DestructuredScalarValue(
                                            2.033,
                                        ),
                                    ),
                                    end_value: Some(
                                        DestructuredScalarValue(
                                            2.033,
                                        ),
                                    ),
                                    start_time: 76.0,
                                    hold: false,
                                    bezier: Some(
                                        Bezier1d {
                                            in_value: ControlPoint1d {
                                                x: 0.833,
                                                y: 0.833,
                                            },
                                            out_value: ControlPoint1d {
                                                x: 0.167,
                                                y: 0.167,
                                            },
                                        },
                                    ),
                                },
                                ScalarKeyframe {
                                    start_value: None,
                                    end_value: None,
                                    start_time: 99.0,
                                    hold: false,
                                    bezier: None,
                                },
                            ],
                        ),
                        expression: None,
                        index: None,
                    },
                },
            },
        ),
        Shape(
            Layer {
                transform: Transform {
                    anchor_point: Property {
                        value: Fixed(
                            [
                                960.25,
                                539.922,
                                0.0,
                            ],
                        ),
                        expression: None,
                        index: None,
                    },
                    position: Property {
                        value: Fixed(
                            [
                                960.0,
                                540.328,
                                0.0,
                            ],
                        ),
                        expression: None,
                        index: None,
                    },
                    scale: Property {
                        value: Fixed(
                            [
                                100.0,
                                100.0,
                                100.0,
                            ],
                        ),
                        expression: None,
                        index: None,
                    },
                    rotation: Property {
                        value: Fixed(
                            0.0,
                        ),
                        expression: None,
                        index: None,
                    },
                    opacity: Property {
                        value: Fixed(
                            100.0,
                        ),
                        expression: None,
                        index: None,
                    },
                    position_x: Property {
                        value: Fixed(
                            0.0,
                        ),
                        expression: None,
                        index: None,
                    },
                    position_y: Property {
                        value: Fixed(
                            0.0,
                        ),
                        expression: None,
                        index: None,
                    },
                    position_z: Property {
                        value: Fixed(
                            0.0,
                        ),
                        expression: None,
                        index: None,
                    },
                    skew: Property {
                        value: Fixed(
                            0.0,
                        ),
                        expression: None,
                        index: None,
                    },
                    skew_axis: Property {
                        value: Fixed(
                            0.0,
                        ),
                        expression: None,
                        index: None,
                    },
                },
                auto_orient: false,
                blend_mode: Normal,
                is_3d: false,
                index: 1,
                html_class: None,
                html_id: None,
                in_point: 0.0,
                out_point: 206.0,
                start_time: 0.0,
                name: Some(
                    "BG Outlines",
                ),
                masks: [],
                stretch: 1.0,
                parent: None,
                mixin: ShapeMixin {
                    bounds: Some(
                        Bounds {
                            left: 0.0,
                            top: 0.0,
                            bottom: 1080.0,
                            right: 1921.0,
                        },
                    ),
                    shapes: [
                        Group(
                            Group {
                                match_name: None,
                                name: Some(
                                    "Group 1",
                                ),
                                number_of_properties: None,
                                items: [
                                    Shape(
                                        Shape {
                                            match_name: None,
                                            name: Some(
                                                "Path 1",
                                            ),
                                            direction: None,
                                            closed: true,
                                            vertices: Property {
                                                value: Fixed(
                                                    ShapeValue {
                                                        closed: None,
                                                        in_point: [
                                                            (
                                                                0.0,
                                                                0.0,
                                                            ),
                                                            (
                                                                0.0,
                                                                0.0,
                                                            ),
                                                            (
                                                                0.0,
                                                                0.0,
                                                            ),
                                                            (
                                                                0.0,
                                                                0.0,
                                                            ),
                                                        ],
                                                        out_point: [
                                                            (
                                                                0.0,
                                                                0.0,
                                                            ),
                                                            (
                                                                0.0,
                                                                0.0,
                                                            ),
                                                            (
                                                                0.0,
                                                                0.0,
                                                            ),
                                                            (
                                                                0.0,
                                                                0.0,
                                                            ),
                                                        ],
                                                        vertices: [
                                                            (
                                                                -960.0,
                                                                539.672,
                                                            ),
                                                            (
                                                                960.0,
                                                                539.672,
                                                            ),
                                                            (
                                                                960.0,
                                                                -539.672,
                                                            ),
                                                            (
                                                                -960.0,
                                                                -539.672,
                                                            ),
                                                        ],
                                                    },
                                                ),
                                                expression: None,
                                                index: None,
                                            },
                                        },
                                    ),
                                    Fill(
                                        Fill {
                                            match_name: None,
                                            name: Some(
                                                "Fill 1",
                                            ),
                                            fill_enabled: Some(
                                                true,
                                            ),
                                            opacity: Property {
                                                value: Fixed(
                                                    100.0,
                                                ),
                                                expression: None,
                                                index: None,
                                            },
                                            color: Property {
                                                value: Fixed(
                                                    [
                                                        255.0,
                                                        241.0,
                                                        213.0,
                                                        255.0,
                                                    ],
                                                ),
                                                expression: None,
                                                index: None,
                                            },
                                        },
                                    ),
                                    Transform(
                                        Transform {
                                            name: None,
                                            anchor_point: Property {
                                                value: Fixed(
                                                    [
                                                        0.0,
                                                        0.0,
                                                    ],
                                                ),
                                                expression: None,
                                                index: None,
                                            },
                                            position: Property {
                                                value: Fixed(
                                                    [
                                                        960.25,
                                                        539.922,
                                                    ],
                                                ),
                                                expression: None,
                                                index: None,
                                            },
                                            scale: Property {
                                                value: Fixed(
                                                    [
                                                        100.0,
                                                        100.0,
                                                    ],
                                                ),
                                                expression: None,
                                                index: None,
                                            },
                                            rotation: Property {
                                                value: Fixed(
                                                    0.0,
                                                ),
                                                expression: None,
                                                index: None,
                                            },
                                            opacity: Property {
                                                value: Fixed(
                                                    100.0,
                                                ),
                                                expression: None,
                                                index: None,
                                            },
                                            skew: Property {
                                                value: Fixed(
                                                    0.0,
                                                ),
                                                expression: None,
                                                index: None,
                                            },
                                            skew_axis: Property {
                                                value: Fixed(
                                                    0.0,
                                                ),
                                                expression: None,
                                                index: None,
                                            },
                                        },
                                    ),
                                ],
                            },
                        ),
                    ],
                },
            },
        ),
    ],
}
